[2025-05-25 18:54:01] production.ERROR: rename(D:\Users\tolha\Desktop\herd-projects\ndcm-ict-club\bootstrap\cache\pac3CEB.tmp,D:\Users\tolha\Desktop\herd-projects\ndcm-ict-club\bootstrap\cache/packages.php): Access is denied (code: 5) {"exception":"[object] (ErrorException(code: 0): rename(D:\\Users\\tolha\\Desktop\\herd-projects\\ndcm-ict-club\\bootstrap\\cache\\pac3CEB.tmp,D:\\Users\\tolha\\Desktop\\herd-projects\\ndcm-ict-club\\bootstrap\\cache/packages.php): Access is denied (code: 5) at D:\\Users\\tolha\\Desktop\\herd-projects\\ndcm-ict-club\\vendor\\laravel\\framework\\src\\Illuminate\\Filesystem\\Filesystem.php:233)
[stacktrace]
#0 D:\\Users\\tolha\\Desktop\\herd-projects\\ndcm-ict-club\\vendor\\laravel\\framework\\src\\Illuminate\\Foundation\\Bootstrap\\HandleExceptions.php(256): Illuminate\\Foundation\\Bootstrap\\HandleExceptions->handleError(2, 'rename(D:\\\\Users...', 'D:\\\\Users\\\\tolha\\\\...', 233)
#1 [internal function]: Illuminate\\Foundation\\Bootstrap\\HandleExceptions->{closure:Illuminate\\Foundation\\Bootstrap\\HandleExceptions::forwardsTo():255}(2, 'rename(D:\\\\Users...', 'D:\\\\Users\\\\tolha\\\\...', 233)
#2 D:\\Users\\tolha\\Desktop\\herd-projects\\ndcm-ict-club\\vendor\\laravel\\framework\\src\\Illuminate\\Filesystem\\Filesystem.php(233): rename('D:\\\\Users\\\\tolha\\\\...', 'D:\\\\Users\\\\tolha\\\\...')
#3 D:\\Users\\tolha\\Desktop\\herd-projects\\ndcm-ict-club\\vendor\\laravel\\framework\\src\\Illuminate\\Foundation\\PackageManifest.php(182): Illuminate\\Filesystem\\Filesystem->replace('D:\\\\Users\\\\tolha\\\\...', '<?php return ar...')
#4 D:\\Users\\tolha\\Desktop\\herd-projects\\ndcm-ict-club\\vendor\\laravel\\framework\\src\\Illuminate\\Foundation\\PackageManifest.php(132): Illuminate\\Foundation\\PackageManifest->write(Array)
#5 D:\\Users\\tolha\\Desktop\\herd-projects\\ndcm-ict-club\\vendor\\laravel\\framework\\src\\Illuminate\\Foundation\\PackageManifest.php(108): Illuminate\\Foundation\\PackageManifest->build()
#6 D:\\Users\\tolha\\Desktop\\herd-projects\\ndcm-ict-club\\vendor\\laravel\\framework\\src\\Illuminate\\Foundation\\PackageManifest.php(90): Illuminate\\Foundation\\PackageManifest->getManifest()
#7 D:\\Users\\tolha\\Desktop\\herd-projects\\ndcm-ict-club\\vendor\\laravel\\framework\\src\\Illuminate\\Foundation\\PackageManifest.php(79): Illuminate\\Foundation\\PackageManifest->config('aliases')
#8 D:\\Users\\tolha\\Desktop\\herd-projects\\ndcm-ict-club\\vendor\\laravel\\framework\\src\\Illuminate\\Foundation\\Bootstrap\\RegisterFacades.php(26): Illuminate\\Foundation\\PackageManifest->aliases()
#9 D:\\Users\\tolha\\Desktop\\herd-projects\\ndcm-ict-club\\vendor\\laravel\\framework\\src\\Illuminate\\Foundation\\Application.php(341): Illuminate\\Foundation\\Bootstrap\\RegisterFacades->bootstrap(Object(Illuminate\\Foundation\\Application))
#10 D:\\Users\\tolha\\Desktop\\herd-projects\\ndcm-ict-club\\vendor\\laravel\\framework\\src\\Illuminate\\Foundation\\Http\\Kernel.php(186): Illuminate\\Foundation\\Application->bootstrapWith(Array)
#11 D:\\Users\\tolha\\Desktop\\herd-projects\\ndcm-ict-club\\vendor\\laravel\\framework\\src\\Illuminate\\Foundation\\Http\\Kernel.php(170): Illuminate\\Foundation\\Http\\Kernel->bootstrap()
#12 D:\\Users\\tolha\\Desktop\\herd-projects\\ndcm-ict-club\\vendor\\laravel\\framework\\src\\Illuminate\\Foundation\\Http\\Kernel.php(144): Illuminate\\Foundation\\Http\\Kernel->sendRequestThroughRouter(Object(Illuminate\\Http\\Request))
#13 D:\\Users\\tolha\\Desktop\\herd-projects\\ndcm-ict-club\\vendor\\laravel\\framework\\src\\Illuminate\\Foundation\\Application.php(1219): Illuminate\\Foundation\\Http\\Kernel->handle(Object(Illuminate\\Http\\Request))
#14 D:\\Users\\tolha\\Desktop\\herd-projects\\ndcm-ict-club\\public\\index.php(20): Illuminate\\Foundation\\Application->handleRequest(Object(Illuminate\\Http\\Request))
#15 C:\\Program Files\\Herd\\resources\\app.asar.unpacked\\resources\\valet\\server.php(139): require('D:\\\\Users\\\\tolha\\\\...')
#16 {main}
"} 
[2025-05-25 18:54:01] production.ERROR: Target class [view] does not exist. {"exception":"[object] (Illuminate\\Contracts\\Container\\BindingResolutionException(code: 0): Target class [view] does not exist. at D:\\Users\\tolha\\Desktop\\herd-projects\\ndcm-ict-club\\vendor\\laravel\\framework\\src\\Illuminate\\Container\\Container.php:1019)
[stacktrace]
#0 D:\\Users\\tolha\\Desktop\\herd-projects\\ndcm-ict-club\\vendor\\laravel\\framework\\src\\Illuminate\\Container\\Container.php(890): Illuminate\\Container\\Container->build('view')
#1 D:\\Users\\tolha\\Desktop\\herd-projects\\ndcm-ict-club\\vendor\\laravel\\framework\\src\\Illuminate\\Foundation\\Application.php(1077): Illuminate\\Container\\Container->resolve('view', Array, true)
#2 D:\\Users\\tolha\\Desktop\\herd-projects\\ndcm-ict-club\\vendor\\laravel\\framework\\src\\Illuminate\\Container\\Container.php(821): Illuminate\\Foundation\\Application->resolve('view', Array)
#3 D:\\Users\\tolha\\Desktop\\herd-projects\\ndcm-ict-club\\vendor\\laravel\\framework\\src\\Illuminate\\Foundation\\Application.php(1057): Illuminate\\Container\\Container->make('view', Array)
#4 D:\\Users\\tolha\\Desktop\\herd-projects\\ndcm-ict-club\\vendor\\laravel\\framework\\src\\Illuminate\\Container\\Container.php(1643): Illuminate\\Foundation\\Application->make('view')
#5 D:\\Users\\tolha\\Desktop\\herd-projects\\ndcm-ict-club\\vendor\\laravel\\framework\\src\\Illuminate\\Support\\Facades\\Facade.php(239): Illuminate\\Container\\Container->offsetGet('view')
#6 D:\\Users\\tolha\\Desktop\\herd-projects\\ndcm-ict-club\\vendor\\laravel\\framework\\src\\Illuminate\\Support\\Facades\\Facade.php(210): Illuminate\\Support\\Facades\\Facade::resolveFacadeInstance('view')
#7 D:\\Users\\tolha\\Desktop\\herd-projects\\ndcm-ict-club\\vendor\\laravel\\framework\\src\\Illuminate\\Support\\Facades\\Facade.php(355): Illuminate\\Support\\Facades\\Facade::getFacadeRoot()
#8 D:\\Users\\tolha\\Desktop\\herd-projects\\ndcm-ict-club\\vendor\\laravel\\framework\\src\\Illuminate\\Foundation\\Exceptions\\RegisterErrorViewPaths.php(17): Illuminate\\Support\\Facades\\Facade::__callStatic('replaceNamespac...', Array)
#9 D:\\Users\\tolha\\Desktop\\herd-projects\\ndcm-ict-club\\vendor\\laravel\\framework\\src\\Illuminate\\Foundation\\Exceptions\\Handler.php(918): Illuminate\\Foundation\\Exceptions\\RegisterErrorViewPaths->__invoke()
#10 D:\\Users\\tolha\\Desktop\\herd-projects\\ndcm-ict-club\\vendor\\laravel\\framework\\src\\Illuminate\\Foundation\\Exceptions\\Handler.php(893): Illuminate\\Foundation\\Exceptions\\Handler->registerErrorViewPaths()
#11 D:\\Users\\tolha\\Desktop\\herd-projects\\ndcm-ict-club\\vendor\\laravel\\framework\\src\\Illuminate\\Foundation\\Exceptions\\Handler.php(818): Illuminate\\Foundation\\Exceptions\\Handler->renderHttpException(Object(Symfony\\Component\\HttpKernel\\Exception\\HttpException))
#12 D:\\Users\\tolha\\Desktop\\herd-projects\\ndcm-ict-club\\vendor\\laravel\\framework\\src\\Illuminate\\Foundation\\Exceptions\\Handler.php(709): Illuminate\\Foundation\\Exceptions\\Handler->prepareResponse(Object(Illuminate\\Http\\Request), Object(Symfony\\Component\\HttpKernel\\Exception\\HttpException))
#13 D:\\Users\\tolha\\Desktop\\herd-projects\\ndcm-ict-club\\vendor\\laravel\\framework\\src\\Illuminate\\Foundation\\Exceptions\\Handler.php(597): Illuminate\\Foundation\\Exceptions\\Handler->renderExceptionResponse(Object(Illuminate\\Http\\Request), Object(ErrorException))
#14 D:\\Users\\tolha\\Desktop\\herd-projects\\ndcm-ict-club\\vendor\\laravel\\framework\\src\\Illuminate\\Foundation\\Http\\Kernel.php(574): Illuminate\\Foundation\\Exceptions\\Handler->render(Object(Illuminate\\Http\\Request), Object(ErrorException))
#15 D:\\Users\\tolha\\Desktop\\herd-projects\\ndcm-ict-club\\vendor\\laravel\\framework\\src\\Illuminate\\Foundation\\Http\\Kernel.php(148): Illuminate\\Foundation\\Http\\Kernel->renderException(Object(Illuminate\\Http\\Request), Object(ErrorException))
#16 D:\\Users\\tolha\\Desktop\\herd-projects\\ndcm-ict-club\\vendor\\laravel\\framework\\src\\Illuminate\\Foundation\\Application.php(1219): Illuminate\\Foundation\\Http\\Kernel->handle(Object(Illuminate\\Http\\Request))
#17 D:\\Users\\tolha\\Desktop\\herd-projects\\ndcm-ict-club\\public\\index.php(20): Illuminate\\Foundation\\Application->handleRequest(Object(Illuminate\\Http\\Request))
#18 C:\\Program Files\\Herd\\resources\\app.asar.unpacked\\resources\\valet\\server.php(139): require('D:\\\\Users\\\\tolha\\\\...')
#19 {main}

[previous exception] [object] (ReflectionException(code: -1): Class \"view\" does not exist at D:\\Users\\tolha\\Desktop\\herd-projects\\ndcm-ict-club\\vendor\\laravel\\framework\\src\\Illuminate\\Container\\Container.php:1017)
[stacktrace]
#0 D:\\Users\\tolha\\Desktop\\herd-projects\\ndcm-ict-club\\vendor\\laravel\\framework\\src\\Illuminate\\Container\\Container.php(1017): ReflectionClass->__construct('view')
#1 D:\\Users\\tolha\\Desktop\\herd-projects\\ndcm-ict-club\\vendor\\laravel\\framework\\src\\Illuminate\\Container\\Container.php(890): Illuminate\\Container\\Container->build('view')
#2 D:\\Users\\tolha\\Desktop\\herd-projects\\ndcm-ict-club\\vendor\\laravel\\framework\\src\\Illuminate\\Foundation\\Application.php(1077): Illuminate\\Container\\Container->resolve('view', Array, true)
#3 D:\\Users\\tolha\\Desktop\\herd-projects\\ndcm-ict-club\\vendor\\laravel\\framework\\src\\Illuminate\\Container\\Container.php(821): Illuminate\\Foundation\\Application->resolve('view', Array)
#4 D:\\Users\\tolha\\Desktop\\herd-projects\\ndcm-ict-club\\vendor\\laravel\\framework\\src\\Illuminate\\Foundation\\Application.php(1057): Illuminate\\Container\\Container->make('view', Array)
#5 D:\\Users\\tolha\\Desktop\\herd-projects\\ndcm-ict-club\\vendor\\laravel\\framework\\src\\Illuminate\\Container\\Container.php(1643): Illuminate\\Foundation\\Application->make('view')
#6 D:\\Users\\tolha\\Desktop\\herd-projects\\ndcm-ict-club\\vendor\\laravel\\framework\\src\\Illuminate\\Support\\Facades\\Facade.php(239): Illuminate\\Container\\Container->offsetGet('view')
#7 D:\\Users\\tolha\\Desktop\\herd-projects\\ndcm-ict-club\\vendor\\laravel\\framework\\src\\Illuminate\\Support\\Facades\\Facade.php(210): Illuminate\\Support\\Facades\\Facade::resolveFacadeInstance('view')
#8 D:\\Users\\tolha\\Desktop\\herd-projects\\ndcm-ict-club\\vendor\\laravel\\framework\\src\\Illuminate\\Support\\Facades\\Facade.php(355): Illuminate\\Support\\Facades\\Facade::getFacadeRoot()
#9 D:\\Users\\tolha\\Desktop\\herd-projects\\ndcm-ict-club\\vendor\\laravel\\framework\\src\\Illuminate\\Foundation\\Exceptions\\RegisterErrorViewPaths.php(17): Illuminate\\Support\\Facades\\Facade::__callStatic('replaceNamespac...', Array)
#10 D:\\Users\\tolha\\Desktop\\herd-projects\\ndcm-ict-club\\vendor\\laravel\\framework\\src\\Illuminate\\Foundation\\Exceptions\\Handler.php(918): Illuminate\\Foundation\\Exceptions\\RegisterErrorViewPaths->__invoke()
#11 D:\\Users\\tolha\\Desktop\\herd-projects\\ndcm-ict-club\\vendor\\laravel\\framework\\src\\Illuminate\\Foundation\\Exceptions\\Handler.php(893): Illuminate\\Foundation\\Exceptions\\Handler->registerErrorViewPaths()
#12 D:\\Users\\tolha\\Desktop\\herd-projects\\ndcm-ict-club\\vendor\\laravel\\framework\\src\\Illuminate\\Foundation\\Exceptions\\Handler.php(818): Illuminate\\Foundation\\Exceptions\\Handler->renderHttpException(Object(Symfony\\Component\\HttpKernel\\Exception\\HttpException))
#13 D:\\Users\\tolha\\Desktop\\herd-projects\\ndcm-ict-club\\vendor\\laravel\\framework\\src\\Illuminate\\Foundation\\Exceptions\\Handler.php(709): Illuminate\\Foundation\\Exceptions\\Handler->prepareResponse(Object(Illuminate\\Http\\Request), Object(Symfony\\Component\\HttpKernel\\Exception\\HttpException))
#14 D:\\Users\\tolha\\Desktop\\herd-projects\\ndcm-ict-club\\vendor\\laravel\\framework\\src\\Illuminate\\Foundation\\Exceptions\\Handler.php(597): Illuminate\\Foundation\\Exceptions\\Handler->renderExceptionResponse(Object(Illuminate\\Http\\Request), Object(ErrorException))
#15 D:\\Users\\tolha\\Desktop\\herd-projects\\ndcm-ict-club\\vendor\\laravel\\framework\\src\\Illuminate\\Foundation\\Http\\Kernel.php(574): Illuminate\\Foundation\\Exceptions\\Handler->render(Object(Illuminate\\Http\\Request), Object(ErrorException))
#16 D:\\Users\\tolha\\Desktop\\herd-projects\\ndcm-ict-club\\vendor\\laravel\\framework\\src\\Illuminate\\Foundation\\Http\\Kernel.php(148): Illuminate\\Foundation\\Http\\Kernel->renderException(Object(Illuminate\\Http\\Request), Object(ErrorException))
#17 D:\\Users\\tolha\\Desktop\\herd-projects\\ndcm-ict-club\\vendor\\laravel\\framework\\src\\Illuminate\\Foundation\\Application.php(1219): Illuminate\\Foundation\\Http\\Kernel->handle(Object(Illuminate\\Http\\Request))
#18 D:\\Users\\tolha\\Desktop\\herd-projects\\ndcm-ict-club\\public\\index.php(20): Illuminate\\Foundation\\Application->handleRequest(Object(Illuminate\\Http\\Request))
#19 C:\\Program Files\\Herd\\resources\\app.asar.unpacked\\resources\\valet\\server.php(139): require('D:\\\\Users\\\\tolha\\\\...')
#20 {main}
"} 
[2025-05-25 18:54:01] production.ERROR: Uncaught ReflectionException: Class "view" does not exist in D:\Users\tolha\Desktop\herd-projects\ndcm-ict-club\vendor\laravel\framework\src\Illuminate\Container\Container.php:1017
Stack trace:
#0 D:\Users\tolha\Desktop\herd-projects\ndcm-ict-club\vendor\laravel\framework\src\Illuminate\Container\Container.php(1017): ReflectionClass->__construct('view')
#1 D:\Users\tolha\Desktop\herd-projects\ndcm-ict-club\vendor\laravel\framework\src\Illuminate\Container\Container.php(890): Illuminate\Container\Container->build('view')
#2 D:\Users\tolha\Desktop\herd-projects\ndcm-ict-club\vendor\laravel\framework\src\Illuminate\Foundation\Application.php(1077): Illuminate\Container\Container->resolve('view', Array, true)
#3 D:\Users\tolha\Desktop\herd-projects\ndcm-ict-club\vendor\laravel\framework\src\Illuminate\Container\Container.php(821): Illuminate\Foundation\Application->resolve('view', Array)
#4 D:\Users\tolha\Desktop\herd-projects\ndcm-ict-club\vendor\laravel\framework\src\Illuminate\Foundation\Application.php(1057): Illuminate\Container\Container->make('view', Array)
#5 D:\Users\tolha\Desktop\herd-projects\ndcm-ict-club\vendor\laravel\framework\src\Illuminate\Container\Container.php(1643): Illuminate\Foundation\Application->make('view')
#6 D:\Users\tolha\Desktop\herd-projects\ndcm-ict-club\vendor\laravel\framework\src\Illuminate\Support\Facades\Facade.php(239): Illuminate\Container\Container->offsetGet('view')
#7 D:\Users\tolha\Desktop\herd-projects\ndcm-ict-club\vendor\laravel\framework\src\Illuminate\Support\Facades\Facade.php(210): Illuminate\Support\Facades\Facade::resolveFacadeInstance('view')
#8 D:\Users\tolha\Desktop\herd-projects\ndcm-ict-club\vendor\laravel\framework\src\Illuminate\Support\Facades\Facade.php(355): Illuminate\Support\Facades\Facade::getFacadeRoot()
#9 D:\Users\tolha\Desktop\herd-projects\ndcm-ict-club\vendor\laravel\framework\src\Illuminate\Foundation\Exceptions\RegisterErrorViewPaths.php(17): Illuminate\Support\Facades\Facade::__callStatic('replaceNamespac...', Array)
#10 D:\Users\tolha\Desktop\herd-projects\ndcm-ict-club\vendor\laravel\framework\src\Illuminate\Foundation\Exceptions\Handler.php(918): Illuminate\Foundation\Exceptions\RegisterErrorViewPaths->__invoke()
#11 D:\Users\tolha\Desktop\herd-projects\ndcm-ict-club\vendor\laravel\framework\src\Illuminate\Foundation\Exceptions\Handler.php(893): Illuminate\Foundation\Exceptions\Handler->registerErrorViewPaths()
#12 D:\Users\tolha\Desktop\herd-projects\ndcm-ict-club\vendor\laravel\framework\src\Illuminate\Foundation\Exceptions\Handler.php(818): Illuminate\Foundation\Exceptions\Handler->renderHttpException(Object(Symfony\Component\HttpKernel\Exception\HttpException))
#13 D:\Users\tolha\Desktop\herd-projects\ndcm-ict-club\vendor\laravel\framework\src\Illuminate\Foundation\Exceptions\Handler.php(709): Illuminate\Foundation\Exceptions\Handler->prepareResponse(Object(Illuminate\Http\Request), Object(Symfony\Component\HttpKernel\Exception\HttpException))
#14 D:\Users\tolha\Desktop\herd-projects\ndcm-ict-club\vendor\laravel\framework\src\Illuminate\Foundation\Exceptions\Handler.php(597): Illuminate\Foundation\Exceptions\Handler->renderExceptionResponse(Object(Illuminate\Http\Request), Object(Illuminate\Contracts\Container\BindingResolutionException))
#15 D:\Users\tolha\Desktop\herd-projects\ndcm-ict-club\vendor\laravel\framework\src\Illuminate\Foundation\Bootstrap\HandleExceptions.php(219): Illuminate\Foundation\Exceptions\Handler->render(Object(Illuminate\Http\Request), Object(Illuminate\Contracts\Container\BindingResolutionException))
#16 D:\Users\tolha\Desktop\herd-projects\ndcm-ict-club\vendor\laravel\framework\src\Illuminate\Foundation\Bootstrap\HandleExceptions.php(196): Illuminate\Foundation\Bootstrap\HandleExceptions->renderHttpResponse(Object(Illuminate\Contracts\Container\BindingResolutionException))
#17 D:\Users\tolha\Desktop\herd-projects\ndcm-ict-club\vendor\laravel\framework\src\Illuminate\Foundation\Bootstrap\HandleExceptions.php(256): Illuminate\Foundation\Bootstrap\HandleExceptions->handleException(Object(Illuminate\Contracts\Container\BindingResolutionException))
#18 [internal function]: Illuminate\Foundation\Bootstrap\HandleExceptions->{closure:Illuminate\Foundation\Bootstrap\HandleExceptions::forwardsTo():255}(Object(Illuminate\Contracts\Container\BindingResolutionException))
#19 {main}

Next Illuminate\Contracts\Container\BindingResolutionException: Target class [view] does not exist. in D:\Users\tolha\Desktop\herd-projects\ndcm-ict-club\vendor\laravel\framework\src\Illuminate\Container\Container.php:1019
Stack trace:
#0 D:\Users\tolha\Desktop\herd-projects\ndcm-ict-club\vendor\laravel\framework\src\Illuminate\Container\Container.php(890): Illuminate\Container\Container->build('view')
#1 D:\Users\tolha\Desktop\herd-projects\ndcm-ict-club\vendor\laravel\framework\src\Illuminate\Foundation\Application.php(1077): Illuminate\Container\Container->resolve('view', Array, true)
#2 D:\Users\tolha\Desktop\herd-projects\ndcm-ict-club\vendor\laravel\framework\src\Illuminate\Container\Container.php(821): Illuminate\Foundation\Application->resolve('view', Array)
#3 D:\Users\tolha\Desktop\herd-projects\ndcm-ict-club\vendor\laravel\framework\src\Illuminate\Foundation\Application.php(1057): Illuminate\Container\Container->make('view', Array)
#4 D:\Users\tolha\Desktop\herd-projects\ndcm-ict-club\vendor\laravel\framework\src\Illuminate\Container\Container.php(1643): Illuminate\Foundation\Application->make('view')
#5 D:\Users\tolha\Desktop\herd-projects\ndcm-ict-club\vendor\laravel\framework\src\Illuminate\Support\Facades\Facade.php(239): Illuminate\Container\Container->offsetGet('view')
#6 D:\Users\tolha\Desktop\herd-projects\ndcm-ict-club\vendor\laravel\framework\src\Illuminate\Support\Facades\Facade.php(210): Illuminate\Support\Facades\Facade::resolveFacadeInstance('view')
#7 D:\Users\tolha\Desktop\herd-projects\ndcm-ict-club\vendor\laravel\framework\src\Illuminate\Support\Facades\Facade.php(355): Illuminate\Support\Facades\Facade::getFacadeRoot()
#8 D:\Users\tolha\Desktop\herd-projects\ndcm-ict-club\vendor\laravel\framework\src\Illuminate\Foundation\Exceptions\RegisterErrorViewPaths.php(17): Illuminate\Support\Facades\Facade::__callStatic('replaceNamespac...', Array)
#9 D:\Users\tolha\Desktop\herd-projects\ndcm-ict-club\vendor\laravel\framework\src\Illuminate\Foundation\Exceptions\Handler.php(918): Illuminate\Foundation\Exceptions\RegisterErrorViewPaths->__invoke()
#10 D:\Users\tolha\Desktop\herd-projects\ndcm-ict-club\vendor\laravel\framework\src\Illuminate\Foundation\Exceptions\Handler.php(893): Illuminate\Foundation\Exceptions\Handler->registerErrorViewPaths()
#11 D:\Users\tolha\Desktop\herd-projects\ndcm-ict-club\vendor\laravel\framework\src\Illuminate\Foundation\Exceptions\Handler.php(818): Illuminate\Foundation\Exceptions\Handler->renderHttpException(Object(Symfony\Component\HttpKernel\Exception\HttpException))
#12 D:\Users\tolha\Desktop\herd-projects\ndcm-ict-club\vendor\laravel\framework\src\Illuminate\Foundation\Exceptions\Handler.php(709): Illuminate\Foundation\Exceptions\Handler->prepareResponse(Object(Illuminate\Http\Request), Object(Symfony\Component\HttpKernel\Exception\HttpException))
#13 D:\Users\tolha\Desktop\herd-projects\ndcm-ict-club\vendor\laravel\framework\src\Illuminate\Foundation\Exceptions\Handler.php(597): Illuminate\Foundation\Exceptions\Handler->renderExceptionResponse(Object(Illuminate\Http\Request), Object(Illuminate\Contracts\Container\BindingResolutionException))
#14 D:\Users\tolha\Desktop\herd-projects\ndcm-ict-club\vendor\laravel\framework\src\Illuminate\Foundation\Bootstrap\HandleExceptions.php(219): Illuminate\Foundation\Exceptions\Handler->render(Object(Illuminate\Http\Request), Object(Illuminate\Contracts\Container\BindingResolutionException))
#15 D:\Users\tolha\Desktop\herd-projects\ndcm-ict-club\vendor\laravel\framework\src\Illuminate\Foundation\Bootstrap\HandleExceptions.php(196): Illuminate\Foundation\Bootstrap\HandleExceptions->renderHttpResponse(Object(Illuminate\Contracts\Container\BindingResolutionException))
#16 D:\Users\tolha\Desktop\herd-projects\ndcm-ict-club\vendor\laravel\framework\src\Illuminate\Foundation\Bootstrap\HandleExceptions.php(256): Illuminate\Foundation\Bootstrap\HandleExceptions->handleException(Object(Illuminate\Contracts\Container\BindingResolutionException))
#17 [internal function]: Illuminate\Foundation\Bootstrap\HandleExceptions->{closure:Illuminate\Foundation\Bootstrap\HandleExceptions::forwardsTo():255}(Object(Illuminate\Contracts\Container\BindingResolutionException))
#18 {main}
  thrown {"exception":"[object] (Symfony\\Component\\ErrorHandler\\Error\\FatalError(code: 0): Uncaught ReflectionException: Class \"view\" does not exist in D:\\Users\\tolha\\Desktop\\herd-projects\\ndcm-ict-club\\vendor\\laravel\\framework\\src\\Illuminate\\Container\\Container.php:1017
Stack trace:
#0 D:\\Users\\tolha\\Desktop\\herd-projects\\ndcm-ict-club\\vendor\\laravel\\framework\\src\\Illuminate\\Container\\Container.php(1017): ReflectionClass->__construct('view')
#1 D:\\Users\\tolha\\Desktop\\herd-projects\\ndcm-ict-club\\vendor\\laravel\\framework\\src\\Illuminate\\Container\\Container.php(890): Illuminate\\Container\\Container->build('view')
#2 D:\\Users\\tolha\\Desktop\\herd-projects\\ndcm-ict-club\\vendor\\laravel\\framework\\src\\Illuminate\\Foundation\\Application.php(1077): Illuminate\\Container\\Container->resolve('view', Array, true)
#3 D:\\Users\\tolha\\Desktop\\herd-projects\\ndcm-ict-club\\vendor\\laravel\\framework\\src\\Illuminate\\Container\\Container.php(821): Illuminate\\Foundation\\Application->resolve('view', Array)
#4 D:\\Users\\tolha\\Desktop\\herd-projects\\ndcm-ict-club\\vendor\\laravel\\framework\\src\\Illuminate\\Foundation\\Application.php(1057): Illuminate\\Container\\Container->make('view', Array)
#5 D:\\Users\\tolha\\Desktop\\herd-projects\\ndcm-ict-club\\vendor\\laravel\\framework\\src\\Illuminate\\Container\\Container.php(1643): Illuminate\\Foundation\\Application->make('view')
#6 D:\\Users\\tolha\\Desktop\\herd-projects\\ndcm-ict-club\\vendor\\laravel\\framework\\src\\Illuminate\\Support\\Facades\\Facade.php(239): Illuminate\\Container\\Container->offsetGet('view')
#7 D:\\Users\\tolha\\Desktop\\herd-projects\\ndcm-ict-club\\vendor\\laravel\\framework\\src\\Illuminate\\Support\\Facades\\Facade.php(210): Illuminate\\Support\\Facades\\Facade::resolveFacadeInstance('view')
#8 D:\\Users\\tolha\\Desktop\\herd-projects\\ndcm-ict-club\\vendor\\laravel\\framework\\src\\Illuminate\\Support\\Facades\\Facade.php(355): Illuminate\\Support\\Facades\\Facade::getFacadeRoot()
#9 D:\\Users\\tolha\\Desktop\\herd-projects\\ndcm-ict-club\\vendor\\laravel\\framework\\src\\Illuminate\\Foundation\\Exceptions\\RegisterErrorViewPaths.php(17): Illuminate\\Support\\Facades\\Facade::__callStatic('replaceNamespac...', Array)
#10 D:\\Users\\tolha\\Desktop\\herd-projects\\ndcm-ict-club\\vendor\\laravel\\framework\\src\\Illuminate\\Foundation\\Exceptions\\Handler.php(918): Illuminate\\Foundation\\Exceptions\\RegisterErrorViewPaths->__invoke()
#11 D:\\Users\\tolha\\Desktop\\herd-projects\\ndcm-ict-club\\vendor\\laravel\\framework\\src\\Illuminate\\Foundation\\Exceptions\\Handler.php(893): Illuminate\\Foundation\\Exceptions\\Handler->registerErrorViewPaths()
#12 D:\\Users\\tolha\\Desktop\\herd-projects\\ndcm-ict-club\\vendor\\laravel\\framework\\src\\Illuminate\\Foundation\\Exceptions\\Handler.php(818): Illuminate\\Foundation\\Exceptions\\Handler->renderHttpException(Object(Symfony\\Component\\HttpKernel\\Exception\\HttpException))
#13 D:\\Users\\tolha\\Desktop\\herd-projects\\ndcm-ict-club\\vendor\\laravel\\framework\\src\\Illuminate\\Foundation\\Exceptions\\Handler.php(709): Illuminate\\Foundation\\Exceptions\\Handler->prepareResponse(Object(Illuminate\\Http\\Request), Object(Symfony\\Component\\HttpKernel\\Exception\\HttpException))
#14 D:\\Users\\tolha\\Desktop\\herd-projects\\ndcm-ict-club\\vendor\\laravel\\framework\\src\\Illuminate\\Foundation\\Exceptions\\Handler.php(597): Illuminate\\Foundation\\Exceptions\\Handler->renderExceptionResponse(Object(Illuminate\\Http\\Request), Object(Illuminate\\Contracts\\Container\\BindingResolutionException))
#15 D:\\Users\\tolha\\Desktop\\herd-projects\\ndcm-ict-club\\vendor\\laravel\\framework\\src\\Illuminate\\Foundation\\Bootstrap\\HandleExceptions.php(219): Illuminate\\Foundation\\Exceptions\\Handler->render(Object(Illuminate\\Http\\Request), Object(Illuminate\\Contracts\\Container\\BindingResolutionException))
#16 D:\\Users\\tolha\\Desktop\\herd-projects\\ndcm-ict-club\\vendor\\laravel\\framework\\src\\Illuminate\\Foundation\\Bootstrap\\HandleExceptions.php(196): Illuminate\\Foundation\\Bootstrap\\HandleExceptions->renderHttpResponse(Object(Illuminate\\Contracts\\Container\\BindingResolutionException))
#17 D:\\Users\\tolha\\Desktop\\herd-projects\\ndcm-ict-club\\vendor\\laravel\\framework\\src\\Illuminate\\Foundation\\Bootstrap\\HandleExceptions.php(256): Illuminate\\Foundation\\Bootstrap\\HandleExceptions->handleException(Object(Illuminate\\Contracts\\Container\\BindingResolutionException))
#18 [internal function]: Illuminate\\Foundation\\Bootstrap\\HandleExceptions->{closure:Illuminate\\Foundation\\Bootstrap\\HandleExceptions::forwardsTo():255}(Object(Illuminate\\Contracts\\Container\\BindingResolutionException))
#19 {main}

Next Illuminate\\Contracts\\Container\\BindingResolutionException: Target class [view] does not exist. in D:\\Users\\tolha\\Desktop\\herd-projects\\ndcm-ict-club\\vendor\\laravel\\framework\\src\\Illuminate\\Container\\Container.php:1019
Stack trace:
#0 D:\\Users\\tolha\\Desktop\\herd-projects\\ndcm-ict-club\\vendor\\laravel\\framework\\src\\Illuminate\\Container\\Container.php(890): Illuminate\\Container\\Container->build('view')
#1 D:\\Users\\tolha\\Desktop\\herd-projects\\ndcm-ict-club\\vendor\\laravel\\framework\\src\\Illuminate\\Foundation\\Application.php(1077): Illuminate\\Container\\Container->resolve('view', Array, true)
#2 D:\\Users\\tolha\\Desktop\\herd-projects\\ndcm-ict-club\\vendor\\laravel\\framework\\src\\Illuminate\\Container\\Container.php(821): Illuminate\\Foundation\\Application->resolve('view', Array)
#3 D:\\Users\\tolha\\Desktop\\herd-projects\\ndcm-ict-club\\vendor\\laravel\\framework\\src\\Illuminate\\Foundation\\Application.php(1057): Illuminate\\Container\\Container->make('view', Array)
#4 D:\\Users\\tolha\\Desktop\\herd-projects\\ndcm-ict-club\\vendor\\laravel\\framework\\src\\Illuminate\\Container\\Container.php(1643): Illuminate\\Foundation\\Application->make('view')
#5 D:\\Users\\tolha\\Desktop\\herd-projects\\ndcm-ict-club\\vendor\\laravel\\framework\\src\\Illuminate\\Support\\Facades\\Facade.php(239): Illuminate\\Container\\Container->offsetGet('view')
#6 D:\\Users\\tolha\\Desktop\\herd-projects\\ndcm-ict-club\\vendor\\laravel\\framework\\src\\Illuminate\\Support\\Facades\\Facade.php(210): Illuminate\\Support\\Facades\\Facade::resolveFacadeInstance('view')
#7 D:\\Users\\tolha\\Desktop\\herd-projects\\ndcm-ict-club\\vendor\\laravel\\framework\\src\\Illuminate\\Support\\Facades\\Facade.php(355): Illuminate\\Support\\Facades\\Facade::getFacadeRoot()
#8 D:\\Users\\tolha\\Desktop\\herd-projects\\ndcm-ict-club\\vendor\\laravel\\framework\\src\\Illuminate\\Foundation\\Exceptions\\RegisterErrorViewPaths.php(17): Illuminate\\Support\\Facades\\Facade::__callStatic('replaceNamespac...', Array)
#9 D:\\Users\\tolha\\Desktop\\herd-projects\\ndcm-ict-club\\vendor\\laravel\\framework\\src\\Illuminate\\Foundation\\Exceptions\\Handler.php(918): Illuminate\\Foundation\\Exceptions\\RegisterErrorViewPaths->__invoke()
#10 D:\\Users\\tolha\\Desktop\\herd-projects\\ndcm-ict-club\\vendor\\laravel\\framework\\src\\Illuminate\\Foundation\\Exceptions\\Handler.php(893): Illuminate\\Foundation\\Exceptions\\Handler->registerErrorViewPaths()
#11 D:\\Users\\tolha\\Desktop\\herd-projects\\ndcm-ict-club\\vendor\\laravel\\framework\\src\\Illuminate\\Foundation\\Exceptions\\Handler.php(818): Illuminate\\Foundation\\Exceptions\\Handler->renderHttpException(Object(Symfony\\Component\\HttpKernel\\Exception\\HttpException))
#12 D:\\Users\\tolha\\Desktop\\herd-projects\\ndcm-ict-club\\vendor\\laravel\\framework\\src\\Illuminate\\Foundation\\Exceptions\\Handler.php(709): Illuminate\\Foundation\\Exceptions\\Handler->prepareResponse(Object(Illuminate\\Http\\Request), Object(Symfony\\Component\\HttpKernel\\Exception\\HttpException))
#13 D:\\Users\\tolha\\Desktop\\herd-projects\\ndcm-ict-club\\vendor\\laravel\\framework\\src\\Illuminate\\Foundation\\Exceptions\\Handler.php(597): Illuminate\\Foundation\\Exceptions\\Handler->renderExceptionResponse(Object(Illuminate\\Http\\Request), Object(Illuminate\\Contracts\\Container\\BindingResolutionException))
#14 D:\\Users\\tolha\\Desktop\\herd-projects\\ndcm-ict-club\\vendor\\laravel\\framework\\src\\Illuminate\\Foundation\\Bootstrap\\HandleExceptions.php(219): Illuminate\\Foundation\\Exceptions\\Handler->render(Object(Illuminate\\Http\\Request), Object(Illuminate\\Contracts\\Container\\BindingResolutionException))
#15 D:\\Users\\tolha\\Desktop\\herd-projects\\ndcm-ict-club\\vendor\\laravel\\framework\\src\\Illuminate\\Foundation\\Bootstrap\\HandleExceptions.php(196): Illuminate\\Foundation\\Bootstrap\\HandleExceptions->renderHttpResponse(Object(Illuminate\\Contracts\\Container\\BindingResolutionException))
#16 D:\\Users\\tolha\\Desktop\\herd-projects\\ndcm-ict-club\\vendor\\laravel\\framework\\src\\Illuminate\\Foundation\\Bootstrap\\HandleExceptions.php(256): Illuminate\\Foundation\\Bootstrap\\HandleExceptions->handleException(Object(Illuminate\\Contracts\\Container\\BindingResolutionException))
#17 [internal function]: Illuminate\\Foundation\\Bootstrap\\HandleExceptions->{closure:Illuminate\\Foundation\\Bootstrap\\HandleExceptions::forwardsTo():255}(Object(Illuminate\\Contracts\\Container\\BindingResolutionException))
#18 {main}
  thrown at D:\\Users\\tolha\\Desktop\\herd-projects\\ndcm-ict-club\\vendor\\laravel\\framework\\src\\Illuminate\\Container\\Container.php:1019)
[stacktrace]
#0 {main}
"} 
